Trustable issue98 E2E
  domain:     miniops.me
  namespace:  nuvolaris
  pod:        trustable-0
  app:        <create if TRUSTABLE_E2E_REPO is set>


Running 1 test using 1 worker

(node:244300) Warning: The 'NO_COLOR' env is ignored due to the 'FORCE_COLOR' env being set.
(Use `node --trace-warnings ...` to show where the warning was created)
(node:244300) Warning: The 'NO_COLOR' env is ignored due to the 'FORCE_COLOR' env being set.
(Use `node --trace-warnings ...` to show where the warning was created)
  ✘  1 [chromium] › tests/issue98.spec.mjs:384:3 › issue98 guardrail E2E › can drive an OpenCode prompt and enforce issue98 safety (23.5s)


  1) [chromium] › tests/issue98.spec.mjs:384:3 › issue98 guardrail E2E › can drive an OpenCode prompt and enforce issue98 safety › send prompt and wait for model/tool loop 

    Error: [{"id":"prt_f3bed5d6e001748SXczqhtRz3L","sessionID":"ses_0c412a33fffeY1EnVVSv8DqPWA","messageID":"msg_f3bed5d6b001QFTLEFu8iMmiBV","type":"text","text":"Vorrei una sezione o pagina \"Stack Nuvolaris\" nella home dell'app.\n\nDeve verificare in modo visibile lettura e scrittura dei componenti dello stack: Redis, MongoDB, Postgres e S3.\n\nPer ogni componente usa le risorse gia' disponibili nell'ambiente Trustable/OpenServerless. Scrivi un valore preciso con chiave o record \"stack-e2e-issue98-mragc89b\" e valore \"stack-ok-42\", poi rileggi lo stesso valore e mostra in UI una tabella con: componente, stato, valore letto, ultimo aggiornamento.\n\nNon simulare un risultato positivo: se un componente non e' configurato o non e' raggiungibile, mostralo chiaramente come \"non configurato\" o \"errore\". Alla fine verifica che l'app parta, esegui il checker OpenServerless e lascia nel README una breve nota su come riprovare la verifica Stack."}]

    [2mexpect([22m[31mreceived[39m[2m).[22mtoBeGreaterThan[2m([22m[32mexpected[39m[2m)[22m

    Expected: > [32m0[39m
    Received:   [31m0[39m

      215 |   const toolParts = parts.filter((part) => part.type === "tool");
      216 |   if (env.TRUSTABLE_E2E_PROMPT_EXPECT_TOOLS !== "0") {
    > 217 |     expect(toolParts.length, JSON.stringify(parts)).toBeGreaterThan(0);
          |                                                     ^
      218 |   }
      219 |
      220 |   const failedTools = toolParts.filter((part) => part.state?.status === "error");
        at assertPromptToolSafety (/home/msciab/trustable-app/tests/issue98.spec.mjs:217:53)
        at runPromptStep (/home/msciab/trustable-app/tests/issue98.spec.mjs:263:3)
        at /home/msciab/trustable-app/tests/issue98.spec.mjs:398:9
        at /home/msciab/trustable-app/tests/issue98.spec.mjs:397:7

    attachment #1: trace (application/zip) ─────────────────────────────────────────────────────────
    test-results/issue98-issue98-guardrail--fb8e9--and-enforce-issue98-safety-chromium/trace.zip
    Usage:

        npx playwright show-trace test-results/issue98-issue98-guardrail--fb8e9--and-enforce-issue98-safety-chromium/trace.zip

    ────────────────────────────────────────────────────────────────────────────────────────────────

  1 failed
    [chromium] › tests/issue98.spec.mjs:384:3 › issue98 guardrail E2E › can drive an OpenCode prompt and enforce issue98 safety 
E2E_RC=1
E2E_SECONDS=25
E2E_MODEL=minimax-m2.5
E2E_APP=regstkmini25
