Trustable issue98 E2E
  domain:     192.168.3.100.nip.io
  namespace:  nuvolaris
  pod:        trustable-0
  app:        <create if TRUSTABLE_E2E_REPO is set>


Running 1 test using 1 worker

(node:4193463) Warning: The 'NO_COLOR' env is ignored due to the 'FORCE_COLOR' env being set.
(Use `node --trace-warnings ...` to show where the warning was created)
(node:4193463) Warning: The 'NO_COLOR' env is ignored due to the 'FORCE_COLOR' env being set.
(Use `node --trace-warnings ...` to show where the warning was created)
  ✘  1 [chromium] › tests/issue98.spec.mjs:384:3 › issue98 guardrail E2E › can drive an OpenCode prompt and enforce issue98 safety (999ms)


  1) [chromium] › tests/issue98.spec.mjs:384:3 › issue98 guardrail E2E › can drive an OpenCode prompt and enforce issue98 safety 

    Error: Failed to create user: Generated BESTMONGO36 user secrets.
    Creating user bestmongo36...
    "kubectl": executable file not found in $PATH
    ops: Failed to run task "adduser": exit status 127
    task execution error: ops: Failed to run task "adduser": exit status 127



    [2mexpect([22m[31mreceived[39m[2m).[22mtoBe[2m([22m[32mexpected[39m[2m) // Object.is equality[22m

    Expected: [32m201[39m
    Received: [31m500[39m

      88 |     timeout: 300_000,
      89 |   });
    > 90 |   expect(result.response.status(), result.text).toBe(201);
         |                                                 ^
      91 |   return { app, created: true };
      92 | }
      93 |
        at ensureApp (/home/msciab/trustable-app/tests/issue98.spec.mjs:90:49)
        at /home/msciab/trustable-app/tests/issue98.spec.mjs:392:23

    attachment #1: trace (application/zip) ─────────────────────────────────────────────────────────
    test-results/issue98-issue98-guardrail--fb8e9--and-enforce-issue98-safety-chromium/trace.zip
    Usage:

        npx playwright show-trace test-results/issue98-issue98-guardrail--fb8e9--and-enforce-issue98-safety-chromium/trace.zip

    ────────────────────────────────────────────────────────────────────────────────────────────────

  1 failed
    [chromium] › tests/issue98.spec.mjs:384:3 › issue98 guardrail E2E › can drive an OpenCode prompt and enforce issue98 safety 
